// Jest Snapshot v1, https://goo.gl/fbAQLP

exports[`Testing in FirstApp.tsx Should render component 1`] = `
<div>
  <h1>
    Titulo
  </h1>
  <h2
    data-testid="test-subtitle"
  >
    Subtitulo
  </h2>
  <p>
    Nombre
  </p>
</div>
`;
